pip : ERROR: Could not find a version that satisfies the requirement torch==2.6.0+cu124 (from versions: 1.11.0, 1.12.0, 1.12.1, 1.13.0, 1.13.1, 2.0.0, 2.0.1, 2.1.0, 2.1.1, 2.1.2, 2.2.0, 2.2.1, 2.2.2, 2.3.0, 2.3.1, 
2.4.0, 2.4.1, 2.5.0, 2.5.1, 2.6.0, 2.7.0, 2.7.1, 2.8.0, 2.9.0, 2.9.1, 2.10.0)
At line:1 char:1
+ pip install -r requirements.txt --ignore-installed 2>errors.txt
+ ~~~~~~~~~~~~~~~~~~~~~~~~~~~~~~~~~~~~~~~~~~~~~~~~~~~~~~~~~~~~~~~
    + CategoryInfo          : NotSpecified: (ERROR: Could no... 2.9.1, 2.10.0):String) [], RemoteException
    + FullyQualifiedErrorId : NativeCommandError
 
ERROR: No matching distribution found for torch==2.6.0+cu124
